###############################################################################
#
# IAR ELF Linker V8.30.2.160/W32 for ARM                  31/Aug/2021  22:55:16
# Copyright 2007-2018 IAR Systems AB.
#
#    Output file  =  
#        E:\WorkProject\AQ_STM\STM32F407\tbox_f4\EWARM\tbox_f4\Exe\tbox_f4.out
#    Map file     =  
#        E:\WorkProject\AQ_STM\STM32F407\tbox_f4\EWARM\tbox_f4\List\tbox_f4.map
#    Command line =  
#        -f C:\Users\Hao\AppData\Local\Temp\EW9930.tmp
#        (E:\WorkProject\AQ_STM\STM32F407\tbox_f4\EWARM\tbox_f4\Obj\can.o
#        E:\WorkProject\AQ_STM\STM32F407\tbox_f4\EWARM\tbox_f4\Obj\cmsis_os.o
#        E:\WorkProject\AQ_STM\STM32F407\tbox_f4\EWARM\tbox_f4\Obj\croutine.o
#        E:\WorkProject\AQ_STM\STM32F407\tbox_f4\EWARM\tbox_f4\Obj\event_groups.o
#        E:\WorkProject\AQ_STM\STM32F407\tbox_f4\EWARM\tbox_f4\Obj\freertos.o
#        E:\WorkProject\AQ_STM\STM32F407\tbox_f4\EWARM\tbox_f4\Obj\gpio.o
#        E:\WorkProject\AQ_STM\STM32F407\tbox_f4\EWARM\tbox_f4\Obj\heap_4.o
#        E:\WorkProject\AQ_STM\STM32F407\tbox_f4\EWARM\tbox_f4\Obj\list.o
#        E:\WorkProject\AQ_STM\STM32F407\tbox_f4\EWARM\tbox_f4\Obj\main.o
#        E:\WorkProject\AQ_STM\STM32F407\tbox_f4\EWARM\tbox_f4\Obj\mc20.o
#        E:\WorkProject\AQ_STM\STM32F407\tbox_f4\EWARM\tbox_f4\Obj\port.o
#        E:\WorkProject\AQ_STM\STM32F407\tbox_f4\EWARM\tbox_f4\Obj\portasm.o
#        E:\WorkProject\AQ_STM\STM32F407\tbox_f4\EWARM\tbox_f4\Obj\queue.o
#        E:\WorkProject\AQ_STM\STM32F407\tbox_f4\EWARM\tbox_f4\Obj\startup_stm32f407xx.o
#        E:\WorkProject\AQ_STM\STM32F407\tbox_f4\EWARM\tbox_f4\Obj\stm32f4xx_hal.o
#        E:\WorkProject\AQ_STM\STM32F407\tbox_f4\EWARM\tbox_f4\Obj\stm32f4xx_hal_can.o
#        E:\WorkProject\AQ_STM\STM32F407\tbox_f4\EWARM\tbox_f4\Obj\stm32f4xx_hal_cortex.o
#        E:\WorkProject\AQ_STM\STM32F407\tbox_f4\EWARM\tbox_f4\Obj\stm32f4xx_hal_dma.o
#        E:\WorkProject\AQ_STM\STM32F407\tbox_f4\EWARM\tbox_f4\Obj\stm32f4xx_hal_dma_ex.o
#        E:\WorkProject\AQ_STM\STM32F407\tbox_f4\EWARM\tbox_f4\Obj\stm32f4xx_hal_exti.o
#        E:\WorkProject\AQ_STM\STM32F407\tbox_f4\EWARM\tbox_f4\Obj\stm32f4xx_hal_flash.o
#        E:\WorkProject\AQ_STM\STM32F407\tbox_f4\EWARM\tbox_f4\Obj\stm32f4xx_hal_flash_ex.o
#        E:\WorkProject\AQ_STM\STM32F407\tbox_f4\EWARM\tbox_f4\Obj\stm32f4xx_hal_flash_ramfunc.o
#        E:\WorkProject\AQ_STM\STM32F407\tbox_f4\EWARM\tbox_f4\Obj\stm32f4xx_hal_gpio.o
#        E:\WorkProject\AQ_STM\STM32F407\tbox_f4\EWARM\tbox_f4\Obj\stm32f4xx_hal_msp.o
#        E:\WorkProject\AQ_STM\STM32F407\tbox_f4\EWARM\tbox_f4\Obj\stm32f4xx_hal_pwr.o
#        E:\WorkProject\AQ_STM\STM32F407\tbox_f4\EWARM\tbox_f4\Obj\stm32f4xx_hal_pwr_ex.o
#        E:\WorkProject\AQ_STM\STM32F407\tbox_f4\EWARM\tbox_f4\Obj\stm32f4xx_hal_rcc.o
#        E:\WorkProject\AQ_STM\STM32F407\tbox_f4\EWARM\tbox_f4\Obj\stm32f4xx_hal_rcc_ex.o
#        E:\WorkProject\AQ_STM\STM32F407\tbox_f4\EWARM\tbox_f4\Obj\stm32f4xx_hal_tim.o
#        E:\WorkProject\AQ_STM\STM32F407\tbox_f4\EWARM\tbox_f4\Obj\stm32f4xx_hal_tim_ex.o
#        E:\WorkProject\AQ_STM\STM32F407\tbox_f4\EWARM\tbox_f4\Obj\stm32f4xx_hal_timebase_tim.o
#        E:\WorkProject\AQ_STM\STM32F407\tbox_f4\EWARM\tbox_f4\Obj\stm32f4xx_hal_uart.o
#        E:\WorkProject\AQ_STM\STM32F407\tbox_f4\EWARM\tbox_f4\Obj\stm32f4xx_it.o
#        E:\WorkProject\AQ_STM\STM32F407\tbox_f4\EWARM\tbox_f4\Obj\stream_buffer.o
#        E:\WorkProject\AQ_STM\STM32F407\tbox_f4\EWARM\tbox_f4\Obj\system_stm32f4xx.o
#        E:\WorkProject\AQ_STM\STM32F407\tbox_f4\EWARM\tbox_f4\Obj\tasks.o
#        E:\WorkProject\AQ_STM\STM32F407\tbox_f4\EWARM\tbox_f4\Obj\timers.o
#        E:\WorkProject\AQ_STM\STM32F407\tbox_f4\EWARM\tbox_f4\Obj\usart.o
#        --redirect _Printf=_PrintfFullNoMb --redirect _Scanf=_ScanfFullNoMb
#        --no_out_extension -o
#        E:\WorkProject\AQ_STM\STM32F407\tbox_f4\EWARM\tbox_f4\Exe\tbox_f4.out
#        --map
#        E:\WorkProject\AQ_STM\STM32F407\tbox_f4\EWARM\tbox_f4\List\tbox_f4.map
#        --config "C:\Program Files (x86)\IAR Systems\Embedded Workbench
#        8.1\arm\config\linker\ST\stm32f407xE.icf" --semihosting --entry
#        __iar_program_start --vfe --text_out locale)
#
###############################################################################

*******************************************************************************
*** RUNTIME MODEL ATTRIBUTES
***

CppFlavor       = *
__SystemLibrary = DLib
__dlib_version  = 6


*******************************************************************************
*** HEAP SELECTION
***

The basic heap was selected because no calls to memory allocation
functions were found in the application outside of system library
functions, and there are calls to deallocation functions in the
application.


*******************************************************************************
*** PLACEMENT SUMMARY
***

"A0":  place at 0x800'0000 { ro section .intvec };
"P1":  place in [from 0x800'0000 to 0x807'ffff] { ro };
define block CSTACK with size = 8K, alignment = 8 { };
"P3":  place in [from 0x1000'0000 to 0x1000'ffff] {
          block CSTACK, section .ccram };
define block HEAP with size = 8K, alignment = 8 { };
"P4":  place in [from 0x2000'0000 to 0x2001'bfff] |
                [from 0x2001'c000 to 0x2001'ffff] { rw, block HEAP };
initialize by copy { rw };

No sections matched the following patterns:

  ro section application_specific_ro  in "P2"
  section .backup_sram                in "P5"
  section .ccram                      in "P3"


  Section            Kind         Address    Size  Object
  -------            ----         -------    ----  ------
"A0":                                       0x188
  .intvec            ro code   0x800'0000   0x188  startup_stm32f407xx.o [1]
                             - 0x800'0188   0x188

"P1":                                      0x77b8
  .text              ro code   0x800'0188   0xe26  xprintffull_nomb.o [2]
  .text              ro code   0x800'0fae    0x3a  zero_init3.o [4]
  .text              ro code   0x800'0fe8    0x16  strchr.o [4]
  .text              ro code   0x800'0ffe     0xa  xsprout.o [2]
  .text              ro code   0x800'1008    0x40  xfail_s.o [2]
  .text              ro code   0x800'1048    0x36  strlen.o [4]
  .text              ro code   0x800'1080    0x58  memchr.o [4]
  .text              ro code   0x800'10d8   0x230  I64DivMod.o [4]
  .text              ro code   0x800'1308   0x1a2  DblMul.o [3]
  .text              ro code   0x800'14ac    0xa6  ABImemcpy.o [4]
  .text              ro code   0x800'1554    0x70  frexp.o [3]
  .text              ro code   0x800'15c4    0x2e  DblCmpLe.o [3]
  .text              ro code   0x800'15f4    0x2e  DblCmpGe.o [3]
  .text              ro code   0x800'1624   0x13a  ldexp.o [3]
  .text              ro code   0x800'1760    0x3a  DblToS32.o [3]
  .text              ro code   0x800'179c    0x22  S32ToDbl.o [3]
  .text              ro code   0x800'17c0    0xe2  DblSub.o [3]
  .text              ro code   0x800'18a4   0x246  DblDiv.o [3]
  .text              ro code   0x800'1aec    0x28  DblToU32.o [3]
  .text              ro code   0x800'1b14    0x1a  U32ToDbl.o [3]
  .text              ro code   0x800'1b30     0x8  xlocale_c.o [2]
  .text              ro code   0x800'1b38     0x6  abort.o [2]
  .text              ro code   0x800'1b40     0x2  I64DivZer.o [4]
  .text              ro code   0x800'1b44   0x16a  DblAdd.o [3]
  .text              ro code   0x800'1cb0    0x14  exit.o [5]
  .text              ro code   0x800'1cc4   0xda0  mc20.o [1]
  .text              ro code   0x800'2a64   0x220  stm32f4xx_hal_gpio.o [1]
  .text              ro code   0x800'2c84   0x290  cmsis_os.o [1]
  .text              ro code   0x800'2f14    0x28  printf.o [2]
  .text              ro code   0x800'2f3c   0x7e8  stm32f4xx_hal_uart.o [1]
  .text              ro code   0x800'3724   0x5e4  usart.o [1]
  .text              ro code   0x800'3d08    0x48  FltToDbl.o [3]
  .text              ro code   0x800'3d50    0x40  sprintf.o [2]
  .text              ro code   0x800'3d90    0x66  ABImemset.o [4]
  .text              ro code   0x800'3df6    0x1e  strcat.o [2]
  .text              ro code   0x800'3e14    0x30  strstr.o [2]
  .text              ro code   0x800'3e44   0x110  stm32f4xx_hal_cortex.o [1]
  .text              ro code   0x800'3f54   0x9f8  tasks.o [1]
  .text              ro code   0x800'494c   0x524  timers.o [1]
  .text              ro code   0x800'4e70   0x7ee  queue.o [1]
  .text              ro code   0x800'5660    0xc2  stm32f4xx_hal_dma.o [1]
  .text              ro code   0x800'5722     0x2  stm32f4xx_hal_uart.o [1]
  .text              ro code   0x800'5724     0x2  stm32f4xx_hal_uart.o [1]
  .text              ro code   0x800'5726     0x2  stm32f4xx_hal_uart.o [1]
  .text              ro code   0x800'5728   0x23c  stm32f4xx_hal_rcc.o [1]
  .text              ro code   0x800'5964    0xf0  main.o [1]
  .text              ro code   0x800'5a54     0x6  ABImemclr4.o [4]
  .text              ro code   0x800'5a5c     0xc  stm32f4xx_hal.o [1]
  .text              ro code   0x800'5a68   0x278  heap_4.o [1]
  .text              ro code   0x800'5ce0    0x98  list.o [1]
  .text              ro code   0x800'5d78   0x258  port.o [1]
  .text              ro code   0x800'5fd0   0x230  freertos.o [1]
  .text              ro code   0x800'6200    0x84  stm32f4xx_hal_timebase_tim.o [1]
  .text              ro code   0x800'6284    0x34  stm32f4xx_hal.o [1]
  .text              ro code   0x800'62b8   0x164  gpio.o [1]
  .text              ro code   0x800'641c   0x3c4  stm32f4xx_hal_rcc.o [1]
  .text              ro code   0x800'67e0    0x18  stm32f4xx_hal.o [1]
  .text              ro code   0x800'67f8    0x32  ABImemset48.o [4]
  CODE               ro code   0x800'682c    0xb0  portasm.o [1]
  .text              ro code   0x800'68dc   0x382  stm32f4xx_hal_tim.o [1]
  .text              ro code   0x800'6c60    0x48  stm32f4xx_hal_msp.o [1]
  .text              ro code   0x800'6ca8     0x2  stm32f4xx_hal_tim.o [1]
  .text              ro code   0x800'6caa     0x2  stm32f4xx_hal_tim.o [1]
  .text              ro code   0x800'6cac     0x2  stm32f4xx_hal_tim.o [1]
  .text              ro code   0x800'6cae     0x2  stm32f4xx_hal_tim_ex.o [1]
  .text              ro code   0x800'6cb0     0x2  stm32f4xx_hal_tim.o [1]
  .text              ro code   0x800'6cb2     0x2  stm32f4xx_hal_tim_ex.o [1]
  .rodata            const     0x800'6cb4   0x12c  mc20.o [1]
  .rodata            const     0x800'6de0   0x12c  mc20.o [1]
  .rodata            const     0x800'6f0c    0x78  mc20.o [1]
  .rodata            const     0x800'6f84    0x70  mc20.o [1]
  .rodata            const     0x800'6ff4    0x3c  mc20.o [1]
  .rodata            const     0x800'7030    0x38  mc20.o [1]
  .rodata            const     0x800'7068    0x34  mc20.o [1]
  .rodata            const     0x800'709c    0x34  mc20.o [1]
  .rodata            const     0x800'70d0    0x30  mc20.o [1]
  .rodata            const     0x800'7100    0x2c  mc20.o [1]
  .text              ro code   0x800'712c    0x2c  copy_init3.o [4]
  .rodata            const     0x800'7158    0x28  mc20.o [1]
  .text              ro code   0x800'7180    0x28  stm32f4xx_it.o [1]
  .text              ro code   0x800'71a8    0x28  data_init.o [4]
  .rodata            const     0x800'71d0    0x24  mc20.o [1]
  .text              ro code   0x800'71f4    0x22  fpinit_M.o [3]
  .iar.init_table    const     0x800'7218    0x24  - Linker created -
  .rodata            const     0x800'723c    0x20  mc20.o [1]
  .rodata            const     0x800'725c    0x20  mc20.o [1]
  .rodata            const     0x800'727c    0x20  mc20.o [1]
  .text              ro code   0x800'729c    0x1e  cmain.o [4]
  .text              ro code   0x800'72ba     0x4  low_level_init.o [2]
  .text              ro code   0x800'72be     0x4  exit.o [2]
  .text              ro code   0x800'72c4     0xa  cexit.o [4]
  .rodata            const     0x800'72d0    0x1c  freertos.o [1]
  .rodata            const     0x800'72ec    0x1c  mc20.o [1]
  .rodata            const     0x800'7308    0x1c  mc20.o [1]
  .rodata            const     0x800'7324    0x1c  mc20.o [1]
  .rodata            const     0x800'7340    0x18  mc20.o [1]
  .rodata            const     0x800'7358    0x18  mc20.o [1]
  .rodata            const     0x800'7370    0x18  mc20.o [1]
  .rodata            const     0x800'7388    0x18  mc20.o [1]
  .rodata            const     0x800'73a0    0x18  mc20.o [1]
  .rodata            const     0x800'73b8    0x18  mc20.o [1]
  .text              ro code   0x800'73d0    0x16  xprout.o [2]
  .text              ro code   0x800'73e8     0xc  putchar.o [2]
  .rodata            const     0x800'73f4    0x14  mc20.o [1]
  .rodata            const     0x800'7408    0x14  mc20.o [1]
  .rodata            const     0x800'741c    0x14  mc20.o [1]
  .rodata            const     0x800'7430    0x14  mc20.o [1]
  .rodata            const     0x800'7444    0x14  mc20.o [1]
  .rodata            const     0x800'7458    0x14  mc20.o [1]
  .rodata            const     0x800'746c    0x14  mc20.o [1]
  .rodata            const     0x800'7480    0x14  mc20.o [1]
  .rodata            const     0x800'7494    0x14  mc20.o [1]
  .rodata            const     0x800'74a8    0x14  mc20.o [1]
  .rodata            const     0x800'74bc    0x10  freertos.o [1]
  .rodata            const     0x800'74cc    0x10  mc20.o [1]
  .rodata            const     0x800'74dc    0x10  mc20.o [1]
  .rodata            const     0x800'74ec    0x10  mc20.o [1]
  .rodata            const     0x800'74fc    0x10  mc20.o [1]
  .rodata            const     0x800'750c    0x10  mc20.o [1]
  .rodata            const     0x800'751c    0x10  mc20.o [1]
  .rodata            const     0x800'752c    0x10  mc20.o [1]
  .rodata            const     0x800'753c    0x10  mc20.o [1]
  .rodata            const     0x800'754c    0x10  mc20.o [1]
  .rodata            const     0x800'755c    0x10  mc20.o [1]
  .rodata            const     0x800'756c    0x10  mc20.o [1]
  .rodata            const     0x800'757c    0x10  system_stm32f4xx.o [1]
  .rodata            const     0x800'758c    0x10  usart.o [1]
  .text              ro code   0x800'759c    0x10  startup_stm32f407xx.o [1]
  .text              ro code   0x800'75ac    0x10  system_stm32f4xx.o [1]
  .rodata            const     0x800'75bc     0xc  freertos.o [1]
  .rodata            const     0x800'75c8     0xc  mc20.o [1]
  .rodata            const     0x800'75d4     0xc  mc20.o [1]
  .rodata            const     0x800'75e0     0xc  mc20.o [1]
  .rodata            const     0x800'75ec     0xc  mc20.o [1]
  .rodata            const     0x800'75f8     0xc  mc20.o [1]
  .rodata            const     0x800'7604     0xc  usart.o [1]
  .rodata            const     0x800'7610     0xc  usart.o [1]
  .rodata            const     0x800'761c     0xc  usart.o [1]
  .rodata            const     0x800'7628     0xc  usart.o [1]
  .rodata            const     0x800'7634     0xc  usart.o [1]
  .rodata            const     0x800'7640     0xc  usart.o [1]
  .text              ro code   0x800'764c     0xc  cstartup_M.o [4]
  .rodata            const     0x800'7658     0x8  freertos.o [1]
  .rodata            const     0x800'7660     0x8  freertos.o [1]
  .rodata            const     0x800'7668     0x8  freertos.o [1]
  .rodata            const     0x800'7670     0x8  mc20.o [1]
  .rodata            const     0x800'7678     0x8  mc20.o [1]
  .rodata            const     0x800'7680     0x8  mc20.o [1]
  .rodata            const     0x800'7688     0x8  mc20.o [1]
  .rodata            const     0x800'7690     0x8  mc20.o [1]
  .rodata            const     0x800'7698     0x8  mc20.o [1]
  .rodata            const     0x800'76a0     0x8  mc20.o [1]
  .rodata            const     0x800'76a8     0x8  mc20.o [1]
  .rodata            const     0x800'76b0     0x8  mc20.o [1]
  .rodata            const     0x800'76b8     0x8  mc20.o [1]
  .rodata            const     0x800'76c0     0x8  mc20.o [1]
  .rodata            const     0x800'76c8     0x8  mc20.o [1]
  .rodata            const     0x800'76d0     0x8  mc20.o [1]
  .rodata            const     0x800'76d8     0x8  mc20.o [1]
  .rodata            const     0x800'76e0     0x8  mc20.o [1]
  .rodata            const     0x800'76e8     0x8  mc20.o [1]
  .rodata            const     0x800'76f0     0x8  mc20.o [1]
  .rodata            const     0x800'76f8     0x8  mc20.o [1]
  .rodata            const     0x800'7700     0x8  mc20.o [1]
  .rodata            const     0x800'7708     0x8  mc20.o [1]
  .rodata            const     0x800'7710     0x8  mc20.o [1]
  .rodata            const     0x800'7718     0x8  mc20.o [1]
  .rodata            const     0x800'7720     0x8  mc20.o [1]
  .rodata            const     0x800'7728     0x8  mc20.o [1]
  .rodata            const     0x800'7730     0x8  system_stm32f4xx.o [1]
  .rodata            const     0x800'7738     0x8  tasks.o [1]
  .rodata            const     0x800'7740     0x8  timers.o [1]
  .rodata            const     0x800'7748     0x8  timers.o [1]
  .rodata            const     0x800'7750     0x8  usart.o [1]
  .rodata            const     0x800'7758     0x8  usart.o [1]
  .rodata            const     0x800'7760     0x8  usart.o [1]
  .rodata            const     0x800'7768     0x4  heap_4.o [1]
  .rodata            const     0x800'776c     0x4  port.o [1]
  .rodata            const     0x800'7770     0x4  xlocale_c.o [2]
  .text              ro code   0x800'7774     0x4  startup_stm32f407xx.o [1]
  .text              ro code   0x800'7778     0x4  startup_stm32f407xx.o [1]
  .text              ro code   0x800'777c     0x4  startup_stm32f407xx.o [1]
  .text              ro code   0x800'7780     0x4  startup_stm32f407xx.o [1]
  .text              ro code   0x800'7784     0x4  startup_stm32f407xx.o [1]
  .text              ro code   0x800'7788     0x4  startup_stm32f407xx.o [1]
  .text              ro code   0x800'778c     0x4  startup_stm32f407xx.o [1]
  .text              ro code   0x800'7790     0x4  startup_stm32f407xx.o [1]
  .text              ro code   0x800'7794     0x4  startup_stm32f407xx.o [1]
  .text              ro code   0x800'7798     0x4  startup_stm32f407xx.o [1]
  .text              ro code   0x800'779c     0x4  startup_stm32f407xx.o [1]
  .text              ro code   0x800'77a0     0x4  startup_stm32f407xx.o [1]
  .text              ro code   0x800'77a4     0x4  startup_stm32f407xx.o [1]
  .text              ro code   0x800'77a8     0x4  startup_stm32f407xx.o [1]
  .text              ro code   0x800'77ac     0x4  startup_stm32f407xx.o [1]
  .text              ro code   0x800'77b0     0x4  startup_stm32f407xx.o [1]
  .text              ro code   0x800'77b4     0x4  startup_stm32f407xx.o [1]
  .text              ro code   0x800'77b8     0x4  startup_stm32f407xx.o [1]
  .text              ro code   0x800'77bc     0x4  startup_stm32f407xx.o [1]
  .text              ro code   0x800'77c0     0x4  startup_stm32f407xx.o [1]
  .text              ro code   0x800'77c4     0x4  startup_stm32f407xx.o [1]
  .text              ro code   0x800'77c8     0x4  startup_stm32f407xx.o [1]
  .text              ro code   0x800'77cc     0x4  startup_stm32f407xx.o [1]
  .text              ro code   0x800'77d0     0x4  startup_stm32f407xx.o [1]
  .text              ro code   0x800'77d4     0x4  startup_stm32f407xx.o [1]
  .text              ro code   0x800'77d8     0x4  startup_stm32f407xx.o [1]
  .text              ro code   0x800'77dc     0x4  startup_stm32f407xx.o [1]
  .text              ro code   0x800'77e0     0x4  startup_stm32f407xx.o [1]
  .text              ro code   0x800'77e4     0x4  startup_stm32f407xx.o [1]
  .text              ro code   0x800'77e8     0x4  startup_stm32f407xx.o [1]
  .text              ro code   0x800'77ec     0x4  startup_stm32f407xx.o [1]
  .text              ro code   0x800'77f0     0x4  startup_stm32f407xx.o [1]
  .text              ro code   0x800'77f4     0x4  startup_stm32f407xx.o [1]
  .text              ro code   0x800'77f8     0x4  startup_stm32f407xx.o [1]
  .text              ro code   0x800'77fc     0x4  startup_stm32f407xx.o [1]
  .text              ro code   0x800'7800     0x4  startup_stm32f407xx.o [1]
  .text              ro code   0x800'7804     0x4  startup_stm32f407xx.o [1]
  .text              ro code   0x800'7808     0x4  startup_stm32f407xx.o [1]
  .text              ro code   0x800'780c     0x4  startup_stm32f407xx.o [1]
  .text              ro code   0x800'7810     0x4  startup_stm32f407xx.o [1]
  .text              ro code   0x800'7814     0x4  startup_stm32f407xx.o [1]
  .text              ro code   0x800'7818     0x4  startup_stm32f407xx.o [1]
  .text              ro code   0x800'781c     0x4  startup_stm32f407xx.o [1]
  .text              ro code   0x800'7820     0x4  startup_stm32f407xx.o [1]
  .text              ro code   0x800'7824     0x4  startup_stm32f407xx.o [1]
  .text              ro code   0x800'7828     0x4  startup_stm32f407xx.o [1]
  .text              ro code   0x800'782c     0x4  startup_stm32f407xx.o [1]
  .text              ro code   0x800'7830     0x4  startup_stm32f407xx.o [1]
  .text              ro code   0x800'7834     0x4  startup_stm32f407xx.o [1]
  .text              ro code   0x800'7838     0x4  startup_stm32f407xx.o [1]
  .text              ro code   0x800'783c     0x4  startup_stm32f407xx.o [1]
  .text              ro code   0x800'7840     0x4  startup_stm32f407xx.o [1]
  .text              ro code   0x800'7844     0x4  startup_stm32f407xx.o [1]
  .text              ro code   0x800'7848     0x4  startup_stm32f407xx.o [1]
  .text              ro code   0x800'784c     0x4  startup_stm32f407xx.o [1]
  .text              ro code   0x800'7850     0x4  startup_stm32f407xx.o [1]
  .text              ro code   0x800'7854     0x4  startup_stm32f407xx.o [1]
  .text              ro code   0x800'7858     0x4  startup_stm32f407xx.o [1]
  .text              ro code   0x800'785c     0x4  startup_stm32f407xx.o [1]
  .text              ro code   0x800'7860     0x4  startup_stm32f407xx.o [1]
  .text              ro code   0x800'7864     0x4  startup_stm32f407xx.o [1]
  .text              ro code   0x800'7868     0x4  startup_stm32f407xx.o [1]
  .text              ro code   0x800'786c     0x4  startup_stm32f407xx.o [1]
  .text              ro code   0x800'7870     0x4  startup_stm32f407xx.o [1]
  .text              ro code   0x800'7874     0x4  startup_stm32f407xx.o [1]
  .text              ro code   0x800'7878     0x4  startup_stm32f407xx.o [1]
  .text              ro code   0x800'787c     0x4  startup_stm32f407xx.o [1]
  .text              ro code   0x800'7880     0x4  startup_stm32f407xx.o [1]
  .text              ro code   0x800'7884     0x4  startup_stm32f407xx.o [1]
  .text              ro code   0x800'7888     0x4  startup_stm32f407xx.o [1]
  .text              ro code   0x800'788c     0x4  startup_stm32f407xx.o [1]
  .text              ro code   0x800'7890     0x4  startup_stm32f407xx.o [1]
  .text              ro code   0x800'7894     0x4  startup_stm32f407xx.o [1]
  .text              ro code   0x800'7898     0x4  startup_stm32f407xx.o [1]
  .text              ro code   0x800'789c     0x4  startup_stm32f407xx.o [1]
  .text              ro code   0x800'78a0     0x4  startup_stm32f407xx.o [1]
  .text              ro code   0x800'78a4     0x4  startup_stm32f407xx.o [1]
  .text              ro code   0x800'78a8     0x4  startup_stm32f407xx.o [1]
  .text              ro code   0x800'78ac     0x4  startup_stm32f407xx.o [1]
  .rodata            const     0x800'78b0     0x0  zero_init3.o [4]
  .rodata            const     0x800'78b0     0x0  copy_init3.o [4]
  Initializer bytes  const     0x800'78b0    0x90  <for P4 s0>
                             - 0x800'7940  0x77b8

"P3":                                      0x2000
  CSTACK                      0x1000'0000  0x2000  <Block>
    CSTACK           uninit   0x1000'0000  0x2000  <Block tail>
                            - 0x1000'2000  0x2000

"P4", part 1 of 2:                           0x90
  P4 s0                       0x2000'0000    0x90  <Init block>
    .data            inited   0x2000'0000    0x48  xfiles.o [2]
    .data            inited   0x2000'0048    0x38  xlocale_c.o [2]
    .data            inited   0x2000'0080     0x4  port.o [1]
    .data            inited   0x2000'0084     0x4  stm32f4xx_hal.o [1]
    .data            inited   0x2000'0088     0x4  system_stm32f4xx.o [1]
    .data            inited   0x2000'008c     0x1  stm32f4xx_hal.o [1]
                            - 0x2000'0090    0x90

"P4", part 2 of 2:                         0x5d20
  .bss               zero     0x2000'0090  0x3c00  heap_4.o [1]
  .bss               zero     0x2000'3c90   0x400  freertos.o [1]
  .bss               zero     0x2000'4090   0x3ec  usart.o [1]
  .bss               zero     0x2000'447c   0x3e8  mc20.o [1]
  .bss               zero     0x2000'4864   0x3e8  mc20.o [1]
  .bss               zero     0x2000'4c4c   0x3e8  mc20.o [1]
  .bss               zero     0x2000'5034   0x320  mc20.o [1]
  .bss               zero     0x2000'5354   0x258  mc20.o [1]
  .bss               zero     0x2000'55ac   0x200  freertos.o [1]
  .bss               zero     0x2000'57ac   0x12c  mc20.o [1]
  .bss               zero     0x2000'58d8    0x8c  tasks.o [1]
  .bss               zero     0x2000'5964    0x78  timers.o [1]
  .bss               zero     0x2000'59dc    0x54  freertos.o [1]
  .bss               zero     0x2000'5a30    0x54  freertos.o [1]
  .bss               zero     0x2000'5a84    0x50  xfiles.o [2]
  .bss               zero     0x2000'5ad4    0x48  stm32f4xx_hal_timebase_tim.o [1]
  .bss               zero     0x2000'5b1c    0x48  timers.o [1]
  .bss               zero     0x2000'5b64    0x44  usart.o [1]
  .bss               zero     0x2000'5ba8    0x44  usart.o [1]
  .bss               zero     0x2000'5bec    0x40  queue.o [1]
  .bss               zero     0x2000'5c2c    0x14  tasks.o [1]
  .bss               zero     0x2000'5c40    0x14  tasks.o [1]
  .bss               zero     0x2000'5c54    0x14  tasks.o [1]
  .bss               zero     0x2000'5c68    0x14  tasks.o [1]
  .bss               zero     0x2000'5c7c    0x14  tasks.o [1]
  .bss               zero     0x2000'5c90    0x14  timers.o [1]
  .bss               zero     0x2000'5ca4    0x14  timers.o [1]
  .bss               zero     0x2000'5cb8     0x8  heap_4.o [1]
  .bss               zero     0x2000'5cc0     0x4  freertos.o [1]
  .bss               zero     0x2000'5cc4     0x4  freertos.o [1]
  .bss               zero     0x2000'5cc8     0x4  freertos.o [1]
  .bss               zero     0x2000'5ccc     0x4  freertos.o [1]
  .bss               zero     0x2000'5cd0     0x4  freertos.o [1]
  .bss               zero     0x2000'5cd4     0x4  freertos.o [1]
  .bss               zero     0x2000'5cd8     0x4  freertos.o [1]
  .bss               zero     0x2000'5cdc     0x4  heap_4.o [1]
  .bss               zero     0x2000'5ce0     0x4  heap_4.o [1]
  .bss               zero     0x2000'5ce4     0x4  heap_4.o [1]
  .bss               zero     0x2000'5ce8     0x4  heap_4.o [1]
  .bss               zero     0x2000'5cec     0x4  heap_4.o [1]
  .bss               zero     0x2000'5cf0     0x4  heap_4.o [1]
  .bss               zero     0x2000'5cf4     0x4  mc20.o [1]
  .bss               zero     0x2000'5cf8     0x4  mc20.o [1]
  .bss               zero     0x2000'5cfc     0x4  mc20.o [1]
  .bss               zero     0x2000'5d00     0x4  mc20.o [1]
  .bss               zero     0x2000'5d04     0x4  mc20.o [1]
  .bss               zero     0x2000'5d08     0x4  mc20.o [1]
  .bss               zero     0x2000'5d0c     0x4  mc20.o [1]
  .bss               zero     0x2000'5d10     0x4  mc20.o [1]
  .bss               zero     0x2000'5d14     0x4  mc20.o [1]
  .bss               zero     0x2000'5d18     0x4  mc20.o [1]
  .bss               zero     0x2000'5d1c     0x4  port.o [1]
  .bss               zero     0x2000'5d20     0x4  stm32f4xx_hal.o [1]
  .bss               zero     0x2000'5d24     0x4  tasks.o [1]
  .bss               zero     0x2000'5d28     0x4  tasks.o [1]
  .bss               zero     0x2000'5d2c     0x4  tasks.o [1]
  .bss               zero     0x2000'5d30     0x4  tasks.o [1]
  .bss               zero     0x2000'5d34     0x4  tasks.o [1]
  .bss               zero     0x2000'5d38     0x4  tasks.o [1]
  .bss               zero     0x2000'5d3c     0x4  tasks.o [1]
  .bss               zero     0x2000'5d40     0x4  tasks.o [1]
  .bss               zero     0x2000'5d44     0x4  tasks.o [1]
  .bss               zero     0x2000'5d48     0x4  tasks.o [1]
  .bss               zero     0x2000'5d4c     0x4  tasks.o [1]
  .bss               zero     0x2000'5d50     0x4  tasks.o [1]
  .bss               zero     0x2000'5d54     0x4  tasks.o [1]
  .bss               zero     0x2000'5d58     0x4  tasks.o [1]
  .bss               zero     0x2000'5d5c     0x4  tasks.o [1]
  .bss               zero     0x2000'5d60     0x4  timers.o [1]
  .bss               zero     0x2000'5d64     0x4  timers.o [1]
  .bss               zero     0x2000'5d68     0x4  timers.o [1]
  .bss               zero     0x2000'5d6c     0x4  timers.o [1]
  .bss               zero     0x2000'5d70     0x4  timers.o [1]
  .bss               zero     0x2000'5d74     0x4  usart.o [1]
  .bss               zero     0x2000'5d78     0x4  usart.o [1]
  .bss               zero     0x2000'5d7c     0x4  usart.o [1]
  .bss               zero     0x2000'5d80     0x4  usart.o [1]
  .bss               zero     0x2000'5d84     0x4  xfail_s.o [2]
  .bss               zero     0x2000'5d88     0x2  mc20.o [1]
  .bss               zero     0x2000'5d8a     0x1  mc20.o [1]
  .bss               zero     0x2000'5d8b     0x1  mc20.o [1]
  .bss               zero     0x2000'5d8c     0x1  mc20.o [1]
  .bss               zero     0x2000'5d8d     0x1  mc20.o [1]
  .bss               zero     0x2000'5d8e     0x1  mc20.o [1]
  .bss               zero     0x2000'5d8f     0x1  mc20.o [1]
  .bss               zero     0x2000'5d90     0x1  mc20.o [1]
  .bss               zero     0x2000'5d91     0x1  mc20.o [1]
  .bss               zero     0x2000'5d92     0x1  mc20.o [1]
  .bss               zero     0x2000'5d93     0x1  mc20.o [1]
  .bss               zero     0x2000'5d94     0x1  mc20.o [1]
  .bss               zero     0x2000'5d95     0x1  mc20.o [1]
  .bss               zero     0x2000'5d96     0x1  mc20.o [1]
  .bss               zero     0x2000'5d97     0x1  mc20.o [1]
  .bss               zero     0x2000'5d98     0x1  mc20.o [1]
  .bss               zero     0x2000'5d99     0x1  mc20.o [1]
  .bss               zero     0x2000'5d9a     0x1  mc20.o [1]
  .bss               zero     0x2000'5d9b     0x1  mc20.o [1]
  .bss               zero     0x2000'5d9c     0x1  mc20.o [1]
  .bss               zero     0x2000'5d9d     0x1  mc20.o [1]
  .bss               zero     0x2000'5d9e     0x1  mc20.o [1]
  .bss               zero     0x2000'5d9f     0x1  mc20.o [1]
  .bss               zero     0x2000'5da0     0x1  mc20.o [1]
  .bss               zero     0x2000'5da1     0x1  mc20.o [1]
  .bss               zero     0x2000'5da2     0x1  mc20.o [1]
  .bss               zero     0x2000'5da3     0x1  mc20.o [1]
  .bss               zero     0x2000'5da4     0x1  mc20.o [1]
  .bss               zero     0x2000'5da5     0x1  mc20.o [1]
  .bss               zero     0x2000'5da6     0x1  mc20.o [1]
  .bss               zero     0x2000'5da7     0x1  mc20.o [1]
  .bss               zero     0x2000'5da8     0x1  mc20.o [1]
  .bss               zero     0x2000'5da9     0x1  mc20.o [1]
  .bss               zero     0x2000'5daa     0x1  mc20.o [1]
  .bss               zero     0x2000'5dab     0x1  mc20.o [1]
  .bss               zero     0x2000'5dac     0x1  mc20.o [1]
  .bss               zero     0x2000'5dad     0x1  mc20.o [1]
  .bss               zero     0x2000'5dae     0x1  port.o [1]
  .bss               zero     0x2000'5daf     0x1  usart.o [1]
                            - 0x2000'5db0  0x5d20

Unused ranges:

         From           To      Size
         ----           --      ----
   0x800'7940   0x807'ffff  0x7'86c0
  0x1000'2000  0x1000'ffff    0xe000
  0x2000'5db0  0x2001'bfff  0x1'6250
  0x2001'c000  0x2001'ffff    0x4000


*******************************************************************************
*** INIT TABLE
***

          Address      Size
          -------      ----
Zero (__iar_zero_init3)
    1 destination range, total size 0x5d20:
          0x2000'0090  0x5d20

Copy (__iar_copy_init3)
    1 source range, total size 0x90 (102% of destination):
           0x800'78b0    0x90
    1 destination range, total size 0x8d:
          0x2000'0000    0x8d



*******************************************************************************
*** MODULE SUMMARY
***

    Module                        ro code  ro data  rw data
    ------                        -------  -------  -------
command line/config:
    -------------------------------------------------------
    Total:

E:\WorkProject\AQ_STM\STM32F407\tbox_f4\EWARM\tbox_f4\Obj: [1]
    cmsis_os.o                        656
    freertos.o                        560       80    1 732
    gpio.o                            356
    heap_4.o                          632        4   15 392
    list.o                            152
    main.o                            240
    mc20.o                          3 488    2 172    4 778
    port.o                            600        8        9
    portasm.o                         176
    queue.o                         2 030                64
    startup_stm32f407xx.o             724
    stm32f4xx_hal.o                    88        5        9
    stm32f4xx_hal_cortex.o            272
    stm32f4xx_hal_dma.o               194
    stm32f4xx_hal_gpio.o              544
    stm32f4xx_hal_msp.o                72
    stm32f4xx_hal_rcc.o             1 536
    stm32f4xx_hal_tim.o               906
    stm32f4xx_hal_tim_ex.o              4
    stm32f4xx_hal_timebase_tim.o      132                72
    stm32f4xx_hal_uart.o            2 030
    stm32f4xx_it.o                     40
    system_stm32f4xx.o                 16       28        4
    tasks.o                         2 552        8      300
    timers.o                        1 316       16      252
    usart.o                         1 508      112    1 157
    -------------------------------------------------------
    Total:                         20 824    2 433   23 769

dl7M_tlf.a: [2]
    abort.o                             6
    exit.o                              4
    low_level_init.o                    4
    printf.o                           40
    putchar.o                          12
    sprintf.o                          64
    strcat.o                           30
    strstr.o                           48
    xfail_s.o                          64                 4
    xfiles.o                                    72      152
    xlocale_c.o                         8       60       56
    xprintffull_nomb.o              3 622
    xprout.o                           22
    xsprout.o                          10
    -------------------------------------------------------
    Total:                          3 934      132      212

m7M_tls.a: [3]
    DblAdd.o                          362
    DblCmpGe.o                         46
    DblCmpLe.o                         46
    DblDiv.o                          582
    DblMul.o                          418
    DblSub.o                          226
    DblToS32.o                         58
    DblToU32.o                         40
    FltToDbl.o                         72
    S32ToDbl.o                         34
    U32ToDbl.o                         26
    fpinit_M.o                         34
    frexp.o                           112
    ldexp.o                           314
    -------------------------------------------------------
    Total:                          2 370

rt7M_tl.a: [4]
    ABImemclr4.o                        6
    ABImemcpy.o                       166
    ABImemset.o                       102
    ABImemset48.o                      50
    I64DivMod.o                       560
    I64DivZer.o                         2
    cexit.o                            10
    cmain.o                            30
    copy_init3.o                       44
    cstartup_M.o                       12
    data_init.o                        40
    memchr.o                           88
    strchr.o                           22
    strlen.o                           54
    zero_init3.o                       58
    -------------------------------------------------------
    Total:                          1 244

shb_l.a: [5]
    exit.o                             20
    -------------------------------------------------------
    Total:                             20

    Gaps                               40        4
    Linker created                              39    8 192
-----------------------------------------------------------
    Grand Total:                   28 432    2 608   32 173


*******************************************************************************
*** ENTRY LIST
***

Entry                       Address    Size  Type      Object
-----                       -------    ----  ----      ------
.iar.init_table$$Base    0x800'7218           --   Gb  - Linker created -
.iar.init_table$$Limit   0x800'723c           --   Gb  - Linker created -
?main                    0x800'729d          Code  Gb  cmain.o [4]
AHBPrescTable            0x800'757c    0x10  Data  Gb  system_stm32f4xx.o [1]
APBPrescTable            0x800'7730     0x8  Data  Gb  system_stm32f4xx.o [1]
Altitude                0x2000'5cfc     0x4  Data  Gb  mc20.o [1]
BusFault_Handler         0x800'7187     0x2  Code  Gb  stm32f4xx_it.o [1]
CSTACK$$Base            0x1000'0000           --   Gb  - Linker created -
CSTACK$$Limit           0x1000'2000           --   Gb  - Linker created -
DebugMon_Handler         0x800'718b     0x2  Code  Gb  stm32f4xx_it.o [1]
Error_Handler            0x800'5a51     0x4  Code  Gb  main.o [1]
GPSInit                  0x800'1e0d    0x96  Code  Gb  mc20.o [1]
HAL_DMA_Abort            0x800'5661    0x9c  Code  Gb  stm32f4xx_hal_dma.o [1]
HAL_DMA_Abort_IT         0x800'56fd    0x26  Code  Gb  stm32f4xx_hal_dma.o [1]
HAL_GPIO_Init            0x800'2a65   0x1d4  Code  Gb  stm32f4xx_hal_gpio.o [1]
HAL_GPIO_WritePin        0x800'2c39    0x14  Code  Gb  stm32f4xx_hal_gpio.o [1]
HAL_GetTick              0x800'5a5d     0xc  Code  Wk  stm32f4xx_hal.o [1]
HAL_IncTick              0x800'67e1    0x18  Code  Wk  stm32f4xx_hal.o [1]
HAL_Init                 0x800'6285    0x30  Code  Gb  stm32f4xx_hal.o [1]
HAL_InitTick             0x800'6201    0x74  Code  Gb  stm32f4xx_hal_timebase_tim.o [1]
HAL_MspInit              0x800'6c61    0x48  Code  Gb  stm32f4xx_hal_msp.o [1]
HAL_NVIC_EnableIRQ       0x800'3f29     0xa  Code  Gb  stm32f4xx_hal_cortex.o [1]
HAL_NVIC_SetPriority     0x800'3f07    0x22  Code  Gb  stm32f4xx_hal_cortex.o [1]
HAL_NVIC_SetPriorityGrouping
                         0x800'3eff     0x8  Code  Gb  stm32f4xx_hal_cortex.o [1]
HAL_NVIC_SystemReset     0x800'3f33     0x8  Code  Gb  stm32f4xx_hal_cortex.o [1]
HAL_RCC_ClockConfig      0x800'5729   0x13a  Code  Gb  stm32f4xx_hal_rcc.o [1]
HAL_RCC_GetClockConfig   0x800'5895    0x34  Code  Gb  stm32f4xx_hal_rcc.o [1]
HAL_RCC_GetHCLKFreq      0x800'5863     0x6  Code  Gb  stm32f4xx_hal_rcc.o [1]
HAL_RCC_GetPCLK1Freq     0x800'5869    0x16  Code  Gb  stm32f4xx_hal_rcc.o [1]
HAL_RCC_GetPCLK2Freq     0x800'587f    0x16  Code  Gb  stm32f4xx_hal_rcc.o [1]
HAL_RCC_OscConfig        0x800'641d   0x3c4  Code  Wk  stm32f4xx_hal_rcc.o [1]
HAL_TIMEx_BreakCallback
                         0x800'6caf     0x2  Code  Wk  stm32f4xx_hal_tim_ex.o [1]
HAL_TIMEx_CommutCallback
                         0x800'6cb3     0x2  Code  Wk  stm32f4xx_hal_tim_ex.o [1]
HAL_TIM_Base_Init        0x800'68dd    0x6e  Code  Gb  stm32f4xx_hal_tim.o [1]
HAL_TIM_Base_Start_IT    0x800'694b    0x96  Code  Gb  stm32f4xx_hal_tim.o [1]
HAL_TIM_IRQHandler       0x800'69fd   0x176  Code  Gb  stm32f4xx_hal_tim.o [1]
HAL_TIM_PeriodElapsedCallback
                         0x800'5a31    0x10  Code  Gb  main.o [1]
HAL_UART_IRQHandler      0x800'3043   0x220  Code  Gb  stm32f4xx_hal_uart.o [1]
HAL_UART_Init            0x800'2f3d    0x76  Code  Gb  stm32f4xx_hal_uart.o [1]
HAL_UART_MspInit         0x800'37a7    0xde  Code  Gb  usart.o [1]
HAL_UART_Receive_IT      0x800'3007    0x3c  Code  Gb  stm32f4xx_hal_uart.o [1]
HAL_UART_RxCpltCallback
                         0x800'3c71    0x34  Code  Gb  usart.o [1]
HAL_UART_Transmit_IT     0x800'2fb3    0x54  Code  Gb  stm32f4xx_hal_uart.o [1]
HardFault_Handler        0x800'7183     0x2  Code  Gb  stm32f4xx_it.o [1]
K_UART_Receive_IT        0x800'3b7d    0xf4  Code  Gb  usart.o [1]
K_UART_Transmit          0x800'3885     0xe  Code  Gb  usart.o [1]
Latitude                0x2000'5cf8     0x4  Data  Gb  mc20.o [1]
LoadInt                  0x800'0337    0x7a  Code  Lc  xprintffull_nomb.o [2]
Longitude               0x2000'5cf4     0x4  Data  Gb  mc20.o [1]
MC20_Init                0x800'1ce5   0x128  Code  Gb  mc20.o [1]
MQTT_CFG                 0x800'2509    0x5c  Code  Gb  mc20.o [1]
MQTT_Connect             0x800'264d    0x54  Code  Gb  mc20.o [1]
MQTT_OPEN                0x800'2565    0x5e  Code  Gb  mc20.o [1]
MQTT_OPEN_CHECK          0x800'25e1    0x54  Code  Gb  mc20.o [1]
MQTT_Pub_Data            0x800'2709    0x40  Code  Gb  mc20.o [1]
MQTT_Pub_Topic           0x800'26ad    0x48  Code  Gb  mc20.o [1]
MQTT_Start               0x800'2775    0x78  Code  Gb  mc20.o [1]
MX_FREERTOS_Init         0x800'5fef    0x7c  Code  Gb  freertos.o [1]
MX_GPIO_Init             0x800'62b9   0x164  Code  Gb  gpio.o [1]
MX_USART2_UART_Init      0x800'3737    0x38  Code  Gb  usart.o [1]
MX_USART3_UART_Init      0x800'376f    0x38  Code  Gb  usart.o [1]
MemManage_Handler        0x800'7185     0x2  Code  Gb  stm32f4xx_it.o [1]
NMI_Handler              0x800'7181     0x2  Code  Gb  stm32f4xx_it.o [1]
NVIC_EncodePriority      0x800'3ea9    0x3c  Code  Lc  stm32f4xx_hal_cortex.o [1]
PendSV_Handler           0x800'682d          Code  Gb  portasm.o [1]
Region$$Table$$Base      0x800'7218           --   Gb  - Linker created -
Region$$Table$$Limit     0x800'723c           --   Gb  - Linker created -
SVC_Handler              0x800'6885          Code  Gb  portasm.o [1]
StartDefaultTask         0x800'606b    0x66  Code  Gb  freertos.o [1]
SysTick_Handler          0x800'5ef9    0x28  Code  Gb  port.o [1]
SystemClock_Config       0x800'598f    0xa2  Code  Gb  main.o [1]
SystemCoreClock         0x2000'0088     0x4  Data  Gb  system_stm32f4xx.o [1]
SystemInit               0x800'75ad     0xc  Code  Gb  system_stm32f4xx.o [1]
TIM1_UP_TIM10_IRQHandler
                         0x800'718d     0xa  Code  Gb  stm32f4xx_it.o [1]
TIM_Base_SetConfig       0x800'6b73    0xbc  Code  Gb  stm32f4xx_hal_tim.o [1]
UART_DMAAbortOnError     0x800'32d9    0x12  Code  Lc  stm32f4xx_hal_uart.o [1]
UART_EndRxTransfer       0x800'32a1    0x36  Code  Lc  stm32f4xx_hal_uart.o [1]
UART_EndTransmit_IT      0x800'334f    0x1c  Code  Lc  stm32f4xx_hal_uart.o [1]
UART_Receive_IT          0x800'336b    0xc8  Code  Lc  stm32f4xx_hal_uart.o [1]
UART_SetConfig           0x800'3433   0x2e6  Code  Lc  stm32f4xx_hal_uart.o [1]
UART_Start_Receive_IT    0x800'3263    0x3e  Code  Gb  stm32f4xx_hal_uart.o [1]
UART_Transmit_IT         0x800'32ed    0x62  Code  Lc  stm32f4xx_hal_uart.o [1]
USART2_IRQHandler        0x800'7197     0xa  Code  Gb  stm32f4xx_it.o [1]
UsageFault_Handler       0x800'7189     0x2  Code  Gb  stm32f4xx_it.o [1]
_GenldFullNoMb           0x800'0cad   0x274  Code  Lc  xprintffull_nomb.o [2]
_LdtobFullNoMb           0x800'0881   0x400  Code  Lc  xprintffull_nomb.o [2]
_LitobFullNoMb           0x800'0729   0x112  Code  Lc  xprintffull_nomb.o [2]
_Locale_lconv           0x2000'0048    0x38  Data  Lc  xlocale_c.o [2]
_PrintfFullNoMb          0x800'0189   0x19e  Code  Gb  xprintffull_nomb.o [2]
_Prout                   0x800'73d1    0x16  Code  Gb  xprout.o [2]
_PutcharsFullNoMb        0x800'0f21    0x2e  Code  Lc  xprintffull_nomb.o [2]
_PutfldFullNoMb          0x800'03b1   0x26c  Code  Lc  xprintffull_nomb.o [2]
_PuttxtFullNoMb          0x800'061d   0x10c  Code  Lc  xprintffull_nomb.o [2]
_SProut                  0x800'0fff     0xa  Code  Gb  xsprout.o [2]
__NVIC_EnableIRQ         0x800'3e69    0x1c  Code  Lc  stm32f4xx_hal_cortex.o [1]
__NVIC_GetPriorityGrouping
                         0x800'3e5f     0xa  Code  Lc  stm32f4xx_hal_cortex.o [1]
__NVIC_SetPriority       0x800'3e85    0x24  Code  Lc  stm32f4xx_hal_cortex.o [1]
__NVIC_SetPriorityGrouping
                         0x800'3e45    0x1a  Code  Lc  stm32f4xx_hal_cortex.o [1]
__NVIC_SystemReset       0x800'3ee5    0x1a  Code  Lc  stm32f4xx_hal_cortex.o [1]
__aeabi_cdcmple          0x800'15c5          Code  Gb  DblCmpLe.o [3]
__aeabi_cdrcmple         0x800'15f5          Code  Gb  DblCmpGe.o [3]
__aeabi_d2iz             0x800'1761          Code  Gb  DblToS32.o [3]
__aeabi_d2uiz            0x800'1aed          Code  Gb  DblToU32.o [3]
__aeabi_ddiv             0x800'18a5          Code  Gb  DblDiv.o [3]
__aeabi_dmul             0x800'1309          Code  Gb  DblMul.o [3]
__aeabi_dsub             0x800'17c1          Code  Gb  DblSub.o [3]
__aeabi_f2d              0x800'3d09          Code  Gb  FltToDbl.o [3]
__aeabi_i2d              0x800'179d          Code  Gb  S32ToDbl.o [3]
__aeabi_ldiv0            0x800'1b41          Code  Gb  I64DivZer.o [4]
__aeabi_memclr4          0x800'5a55          Code  Gb  ABImemclr4.o [4]
__aeabi_memcpy           0x800'14ad          Code  Gb  ABImemcpy.o [4]
__aeabi_memcpy4          0x800'14cd          Code  Gb  ABImemcpy.o [4]
__aeabi_memcpy8          0x800'14cd          Code  Gb  ABImemcpy.o [4]
__aeabi_memset           0x800'3d91          Code  Gb  ABImemset.o [4]
__aeabi_ui2d             0x800'1b15          Code  Gb  U32ToDbl.o [3]
__aeabi_uldivmod         0x800'10d9          Code  Gb  I64DivMod.o [4]
__cmain                  0x800'729d          Code  Gb  cmain.o [4]
__exit                   0x800'1cb1    0x14  Code  Gb  exit.o [5]
__iar_Fail_s             0x800'1009    0x1c  Code  Gb  xfail_s.o [2]
__iar_Memchr             0x800'1081          Code  Gb  memchr.o [4]
__iar_Memset             0x800'3d91          Code  Gb  ABImemset.o [4]
__iar_Memset4_word       0x800'67f9          Code  Gb  ABImemset48.o [4]
__iar_Memset8_word       0x800'67f9          Code  Gb  ABImemset48.o [4]
__iar_Memset_word        0x800'3d99          Code  Gb  ABImemset.o [4]
__iar_Stdout            0x2000'0000    0x48  Data  Gb  xfiles.o [2]
__iar_Strchr             0x800'0fe9          Code  Gb  strchr.o [4]
__iar_copy_init3         0x800'712d    0x2c  Code  Gb  copy_init3.o [4]
__iar_dadd               0x800'17d1          Code  Gb  DblSub.o [3]
__iar_data_init3         0x800'71a9    0x28  Code  Gb  data_init.o [4]
__iar_dsub               0x800'1b45          Code  Gb  DblAdd.o [3]
__iar_dsubStart          0x800'1b57          Code  Gb  DblAdd.o [3]
__iar_frexp              0x800'1561          Code  Gb  frexp.o [3]
__iar_frexpl             0x800'1561          Code  Gb  frexp.o [3]
__iar_init_vfp           0x800'71f5          Code  Gb  fpinit_M.o [3]
__iar_ldexp64            0x800'1625          Code  Gb  ldexp.o [3]
__iar_program_start      0x800'764d          Code  Gb  cstartup_M.o [4]
__iar_scalbln64          0x800'1625          Code  Gb  ldexp.o [3]
__iar_scalbn64           0x800'1625          Code  Gb  ldexp.o [3]
__iar_softfp___iar_frexp64
                         0x800'1555          Code  Gb  frexp.o [3]
__iar_softfp_frexp       0x800'1555          Code  Gb  frexp.o [3]
__iar_softfp_frexpl      0x800'1555          Code  Gb  frexp.o [3]
__iar_zero_init3         0x800'0faf    0x3a  Code  Gb  zero_init3.o [4]
__low_level_init         0x800'72bb     0x4  Code  Gb  low_level_init.o [2]
__vector_table           0x800'0000          Data  Gb  startup_stm32f407xx.o [1]
_call_main               0x800'72a9          Code  Gb  cmain.o [4]
_exit                    0x800'72c5          Code  Gb  cexit.o [4]
_main                    0x800'72b7          Code  Gb  cmain.o [4]
_uart_recv               0x800'38b3    0x8c  Code  Gb  usart.o [1]
abort                    0x800'1b39     0x6  Code  Gb  abort.o [2]
bBatBalcanceTempHigh    0x2000'5da8     0x1  Data  Gb  mc20.o [1]
bBatDiffTempHigh        0x2000'5da9     0x1  Data  Gb  mc20.o [1]
bBatSampleLineFault     0x2000'5dab     0x1  Data  Gb  mc20.o [1]
bBatTempHigh            0x2000'5da7     0x1  Data  Gb  mc20.o [1]
bBatTempLineFault       0x2000'5dac     0x1  Data  Gb  mc20.o [1]
bBatVoltDiffHigh        0x2000'5daa     0x1  Data  Gb  mc20.o [1]
bBatVoltHigh            0x2000'5d9f     0x1  Data  Gb  mc20.o [1]
bBatVoltLow             0x2000'5da0     0x1  Data  Gb  mc20.o [1]
bCellVoltHigh           0x2000'5da2     0x1  Data  Gb  mc20.o [1]
bCellVoltLow            0x2000'5da1     0x1  Data  Gb  mc20.o [1]
bChargeCurrentHigh      0x2000'5da6     0x1  Data  Gb  mc20.o [1]
bChargeTempHigh         0x2000'5d9e     0x1  Data  Gb  mc20.o [1]
bChargeTempLow          0x2000'5d9d     0x1  Data  Gb  mc20.o [1]
bDischargeCurrentHigh   0x2000'5da5     0x1  Data  Gb  mc20.o [1]
bDischargeTempHigh      0x2000'5d9c     0x1  Data  Gb  mc20.o [1]
bDischargeTempLow       0x2000'5d9b     0x1  Data  Gb  mc20.o [1]
bHallFault              0x2000'5d90     0x1  Data  Gb  mc20.o [1]
bInverterFault          0x2000'5d99     0x1  Data  Gb  mc20.o [1]
bInverterLowVolt        0x2000'5d94     0x1  Data  Gb  mc20.o [1]
bInverterOverCurrent    0x2000'5d95     0x1  Data  Gb  mc20.o [1]
bInverterOverTemp       0x2000'5d96     0x1  Data  Gb  mc20.o [1]
bInverterOverVolt       0x2000'5d93     0x1  Data  Gb  mc20.o [1]
bInverterPhaseLossFault
                        0x2000'5d9a     0x1  Data  Gb  mc20.o [1]
bMOSFETFault            0x2000'5d92     0x1  Data  Gb  mc20.o [1]
bMotorOverTemp          0x2000'5d97     0x1  Data  Gb  mc20.o [1]
bRotorLocked            0x2000'5d98     0x1  Data  Gb  mc20.o [1]
bSOCHigh                0x2000'5da4     0x1  Data  Gb  mc20.o [1]
bSOCLow                 0x2000'5da3     0x1  Data  Gb  mc20.o [1]
bThrottleFault          0x2000'5d91     0x1  Data  Gb  mc20.o [1]
batCurrent              0x2000'5d18     0x4  Data  Gb  mc20.o [1]
batErrorInfo            0x2000'4c4c   0x3e8  Data  Gb  mc20.o [1]
batSOC                  0x2000'5d04     0x4  Data  Gb  mc20.o [1]
batSOH                  0x2000'5d08     0x4  Data  Gb  mc20.o [1]
batVolt                 0x2000'5d14     0x4  Data  Gb  mc20.o [1]
buffer                  0x2000'57ac   0x12c  Data  Gb  mc20.o [1]
calculateGPS             0x800'1eb1    0xe8  Code  Gb  mc20.o [1]
checkBatErr              0x800'22a9    0xac  Code  Gb  mc20.o [1]
checkInverterErr         0x800'2103    0x6c  Code  Gb  mc20.o [1]
cloudQueueHandle        0x2000'5cc8     0x4  Data  Gb  freertos.o [1]
cloudTimerFunc           0x800'611d    0x1e  Code  Gb  freertos.o [1]
cloudTimerHandle        0x2000'5cd0     0x4  Data  Gb  freertos.o [1]
cloud_queue_exec         0x800'6173    0x40  Code  Gb  freertos.o [1]
defaultTaskHandle       0x2000'5cc4     0x4  Data  Gb  freertos.o [1]
errorTimerFunc           0x800'613b    0x38  Code  Gb  freertos.o [1]
errorTimerHandle        0x2000'5cd4     0x4  Data  Gb  freertos.o [1]
event                   0x2000'5cd8     0x4  Data  Gb  freertos.o [1]
eventData               0x2000'5cc0     0x4  Data  Gb  freertos.o [1]
exit                     0x800'72bf     0x4  Code  Gb  exit.o [2]
fputc                    0x800'3725    0x12  Code  Gb  usart.o [1]
g_rx_error              0x2000'5d7c     0x4  Data  Gb  usart.o [1]
g_rx_other_error        0x2000'5d80     0x4  Data  Gb  usart.o [1]
g_uart_rx_buf           0x2000'4090   0x3ec  Data  Lc  usart.o [1]
getGnssData              0x800'39c1    0xca  Code  Gb  usart.o [1]
gnssDataAval            0x2000'5daf     0x1  Data  Gb  usart.o [1]
gnssStatus              0x2000'5d8d     0x1  Data  Gb  mc20.o [1]
gprsStatus              0x2000'5d8c     0x1  Data  Gb  mc20.o [1]
gpsInitDone             0x2000'5d8f     0x1  Data  Gb  mc20.o [1]
gpsTimerFunc             0x800'60d1    0x4c  Code  Gb  freertos.o [1]
gpsTimerHandle          0x2000'5ccc     0x4  Data  Gb  freertos.o [1]
htim1                   0x2000'5ad4    0x48  Data  Gb  stm32f4xx_hal_timebase_tim.o [1]
huart2                  0x2000'5b64    0x44  Data  Gb  usart.o [1]
huart3                  0x2000'5ba8    0x44  Data  Gb  usart.o [1]
inHandlerMode            0x800'2c9b    0x12  Code  Lc  cmsis_os.o [1]
inverterErrorInfo       0x2000'4864   0x3e8  Data  Gb  mc20.o [1]
jd                      0x2000'5d74     0x4  Data  Gb  usart.o [1]
ldexp                    0x800'1625          Code  Gb  ldexp.o [3]
ldexpl                   0x800'1625          Code  Gb  ldexp.o [3]
len                     0x2000'5d88     0x2  Data  Gb  mc20.o [1]
localeconv               0x800'1b31     0x4  Code  Gb  xlocale_c.o [2]
main                     0x800'5965    0x2a  Code  Gb  main.o [1]
makeFreeRtosPriority     0x800'2c85    0x16  Code  Lc  cmsis_os.o [1]
mc20PowerOn              0x800'1cc5    0x20  Code  Gb  mc20.o [1]
mc20Status              0x2000'5d8b     0x1  Data  Gb  mc20.o [1]
mc20_check_creg          0x800'3b27    0x4a  Code  Gb  usart.o [1]
mc20_check_sim_card      0x800'3abb    0x36  Code  Gb  usart.o [1]
mc20_check_timesync      0x800'3af1    0x36  Code  Gb  usart.o [1]
mc20_normal_check        0x800'3987    0x3a  Code  Gb  usart.o [1]
mc20_read_gnss           0x800'3a8b    0x30  Code  Gb  usart.o [1]
memchr                   0x800'1081          Code  Gb  memchr.o [4]
motorRPM                0x2000'5d10     0x4  Data  Gb  mc20.o [1]
mqttStatus              0x2000'5d8e     0x1  Data  Gb  mc20.o [1]
mqtt_pub_data           0x2000'5354   0x258  Data  Gb  mc20.o [1]
obuf                    0x2000'5a84    0x50  Data  Lc  xfiles.o [2]
osDelay                  0x800'2d15    0x16  Code  Gb  cmsis_os.o [1]
osKernelStart            0x800'2cad     0xa  Code  Gb  cmsis_os.o [1]
osMessageCreate          0x800'2ddd    0x2c  Code  Gb  cmsis_os.o [1]
osMessageGet             0x800'2e69    0xa6  Code  Gb  cmsis_os.o [1]
osMessagePut             0x800'2e09    0x60  Code  Gb  cmsis_os.o [1]
osThreadCreate           0x800'2cb7    0x5e  Code  Gb  cmsis_os.o [1]
osTimerCreate            0x800'2d2b    0x42  Code  Gb  cmsis_os.o [1]
osTimerStart             0x800'2d6d    0x6a  Code  Gb  cmsis_os.o [1]
packBatErrData           0x800'2369   0x19a  Code  Gb  mc20.o [1]
packGPSData              0x800'1f99    0x9e  Code  Gb  mc20.o [1]
packID                  0x2000'5d00     0x4  Data  Gb  mc20.o [1]
packInverterErrData      0x800'2179   0x130  Code  Gb  mc20.o [1]
packLiveData             0x800'2037    0xcc  Code  Gb  mc20.o [1]
pcInterruptPriorityRegisters
                         0x800'776c     0x4  Data  Lc  port.o [1]
printf                   0x800'2f15    0x28  Code  Gb  printf.o [2]
prvAddCurrentTaskToDelayedList
                         0x800'48a1    0x6e  Code  Lc  tasks.o [1]
prvAddNewTaskToReadyList
                         0x800'4103    0x9a  Code  Lc  tasks.o [1]
prvCheckForValidListAndQueue
                         0x800'4df3    0x4c  Code  Lc  timers.o [1]
prvCheckForValidListAndQueue{1}{2}{3}{4}::ucStaticTimerQueueStorage
                        0x2000'5964    0x78  Data  Lc  timers.o [1]
prvCheckForValidListAndQueue{1}{2}{3}{4}::xStaticTimerQueue
                        0x2000'5b1c    0x48  Data  Lc  timers.o [1]
prvCheckTasksWaitingTermination
                         0x800'46ed    0x3c  Code  Lc  tasks.o [1]
prvCopyDataFromQueue     0x800'5519    0x2a  Code  Lc  queue.o [1]
prvCopyDataToQueue       0x800'5493    0x86  Code  Lc  queue.o [1]
prvDeleteTCB             0x800'472d    0x42  Code  Lc  tasks.o [1]
prvGetNextExpireTime     0x800'4be1    0x24  Code  Lc  timers.o [1]
prvHeapInit              0x800'5bff    0x5e  Code  Lc  heap_4.o [1]
prvIdleTask              0x800'4675    0x22  Code  Lc  tasks.o [1]
prvInitialiseNewQueue    0x800'4ff5    0x1c  Code  Lc  queue.o [1]
prvInitialiseNewTask     0x800'404d    0xb6  Code  Lc  tasks.o [1]
prvInitialiseNewTimer    0x800'4a39    0x54  Code  Lc  timers.o [1]
prvInitialiseTaskLists   0x800'4697    0x52  Code  Lc  tasks.o [1]
prvInsertBlockIntoFreeList
                         0x800'5c5d    0x5e  Code  Lc  heap_4.o [1]
prvInsertTimerInActiveList
                         0x800'4c2b    0x3e  Code  Lc  timers.o [1]
prvIsQueueEmpty          0x800'55b1    0x1c  Code  Lc  queue.o [1]
prvIsQueueFull           0x800'55cd    0x1e  Code  Lc  queue.o [1]
prvProcessExpiredTimer   0x800'4af1    0x6a  Code  Lc  timers.o [1]
prvProcessReceivedCommands
                         0x800'4c69   0x116  Code  Lc  timers.o [1]
prvProcessTimerOrBlockTask
                         0x800'4b71    0x70  Code  Lc  timers.o [1]
prvResetNextTaskUnblockTime
                         0x800'476f    0x28  Code  Lc  tasks.o [1]
prvSampleTimeNow         0x800'4c05    0x26  Code  Lc  timers.o [1]
prvSampleTimeNow::xLastTime
                        0x2000'5d70     0x4  Data  Lc  timers.o [1]
prvSwitchTimerLists      0x800'4d7f    0x74  Code  Lc  timers.o [1]
prvTaskExitError         0x800'5da1    0x2a  Code  Lc  port.o [1]
prvTimerTask             0x800'4b5d    0x14  Code  Lc  timers.o [1]
prvUnlockQueue           0x800'5543    0x6e  Code  Lc  queue.o [1]
pubBatErrData            0x800'28b1    0x32  Code  Gb  mc20.o [1]
pubGPSData               0x800'2831    0x32  Code  Gb  mc20.o [1]
pubInverterErrData       0x800'2871    0x32  Code  Gb  mc20.o [1]
pubLiveData              0x800'27f1    0x32  Code  Gb  mc20.o [1]
putchar                  0x800'73e9     0xc  Code  Gb  putchar.o [2]
pvPortMalloc             0x800'5a69   0x11c  Code  Gb  heap_4.o [1]
pxCurrentTCB            0x2000'5d24     0x4  Data  Gb  tasks.o [1]
pxCurrentTimerList      0x2000'5d60     0x4  Data  Lc  timers.o [1]
pxDelayedTaskList       0x2000'5d28     0x4  Data  Lc  tasks.o [1]
pxEnd                   0x2000'5cdc     0x4  Data  Lc  heap_4.o [1]
pxOverflowDelayedTaskList
                        0x2000'5d2c     0x4  Data  Lc  tasks.o [1]
pxOverflowTimerList     0x2000'5d64     0x4  Data  Lc  timers.o [1]
pxPortInitialiseStack    0x800'5d79    0x28  Code  Gb  port.o [1]
pxReadyTasksLists       0x2000'58d8    0x8c  Data  Lc  tasks.o [1]
readGnssData             0x800'1ea3     0xc  Code  Gb  mc20.o [1]
scalbln                  0x800'1625          Code  Gb  ldexp.o [3]
scalblnl                 0x800'1625          Code  Gb  ldexp.o [3]
scalbn                   0x800'1625          Code  Gb  ldexp.o [3]
scalbnl                  0x800'1625          Code  Gb  ldexp.o [3]
scale                    0x800'083b    0x46  Code  Lc  xprintffull_nomb.o [2]
sec_hand                0x2000'5d84     0x4  Data  Lc  xfail_s.o [2]
sprintf                  0x800'3d51    0x40  Code  Gb  sprintf.o [2]
strcat                   0x800'3df7    0x1e  Code  Gb  strcat.o [2]
strchr                   0x800'0fe9          Code  Gb  strchr.o [4]
strlen                   0x800'1049          Code  Gb  strlen.o [4]
strstr                   0x800'3e15    0x30  Code  Gb  strstr.o [2]
t_json                  0x2000'447c   0x3e8  Data  Gb  mc20.o [1]
temp                    0x2000'5d8a     0x1  Data  Gb  mc20.o [1]
throttlePercent         0x2000'5d0c     0x4  Data  Gb  mc20.o [1]
txbuffer                0x2000'5034   0x320  Data  Gb  mc20.o [1]
ucHeap                  0x2000'0090  0x3c00  Data  Lc  heap_4.o [1]
ucMaxSysCallPriority    0x2000'5dae     0x1  Data  Lc  port.o [1]
ulMaxPRIGROUPValue      0x2000'5d1c     0x4  Data  Lc  port.o [1]
user_get_data_with_delay
                         0x800'393f    0x48  Code  Gb  usart.o [1]
user_send_data_with_delay
                         0x800'3893    0x20  Code  Gb  usart.o [1]
uwTick                  0x2000'5d20     0x4  Data  Gb  stm32f4xx_hal.o [1]
uwTickFreq              0x2000'008c     0x1  Data  Gb  stm32f4xx_hal.o [1]
uwTickPrio              0x2000'0084     0x4  Data  Gb  stm32f4xx_hal.o [1]
uxCriticalNesting       0x2000'0080     0x4  Data  Lc  port.o [1]
uxCurrentNumberOfTasks  0x2000'5d34     0x4  Data  Lc  tasks.o [1]
uxDeletedTasksWaitingCleanUp
                        0x2000'5d30     0x4  Data  Lc  tasks.o [1]
uxListRemove             0x800'5d53    0x26  Code  Gb  list.o [1]
uxSchedulerSuspended    0x2000'5d5c     0x4  Data  Lc  tasks.o [1]
uxTaskNumber            0x2000'5d50     0x4  Data  Lc  tasks.o [1]
uxTopReadyPriority      0x2000'5d3c     0x4  Data  Lc  tasks.o [1]
vApplicationGetIdleTaskMemory
                         0x800'5fd1     0xe  Code  Gb  freertos.o [1]
vApplicationGetTimerTaskMemory
                         0x800'5fdf    0x10  Code  Gb  freertos.o [1]
vListInitialise          0x800'5ce1    0x1e  Code  Gb  list.o [1]
vListInitialiseItem      0x800'5cff     0x6  Code  Gb  list.o [1]
vListInsert              0x800'5d1d    0x36  Code  Gb  list.o [1]
vListInsertEnd           0x800'5d05    0x18  Code  Gb  list.o [1]
vPortEnableVFP           0x800'68c1          Code  Gb  portasm.o [1]
vPortEnterCritical       0x800'5e99    0x34  Code  Gb  port.o [1]
vPortExitCritical        0x800'5ecd    0x2c  Code  Gb  port.o [1]
vPortFree                0x800'5b85    0x7a  Code  Gb  heap_4.o [1]
vPortStartFirstTask      0x800'68a1          Code  Gb  portasm.o [1]
vPortValidateInterruptPriority
                         0x800'5f21    0x4a  Code  Gb  port.o [1]
vQueueAddToRegistry      0x800'55eb    0x24  Code  Gb  queue.o [1]
vQueueWaitForMessageRestricted
                         0x800'5615    0x4a  Code  Gb  queue.o [1]
vTaskDelay               0x800'419d    0x4c  Code  Gb  tasks.o [1]
vTaskInternalSetTimeOutState
                         0x800'45b7    0x12  Code  Gb  tasks.o [1]
vTaskMissedYield         0x800'4669     0xa  Code  Gb  tasks.o [1]
vTaskPlaceOnEventList    0x800'44d7    0x2e  Code  Gb  tasks.o [1]
vTaskPlaceOnEventListRestricted
                         0x800'4505    0x38  Code  Gb  tasks.o [1]
vTaskStartScheduler      0x800'41e9    0x96  Code  Gb  tasks.o [1]
vTaskSuspendAll          0x800'427f     0xc  Code  Gb  tasks.o [1]
vTaskSwitchContext       0x800'446b    0x6c  Code  Gb  tasks.o [1]
waitResetCnt            0x2000'5dad     0x1  Data  Gb  mc20.o [1]
wd                      0x2000'5d78     0x4  Data  Gb  usart.o [1]
xActiveTimerList1       0x2000'5c90    0x14  Data  Lc  timers.o [1]
xActiveTimerList2       0x2000'5ca4    0x14  Data  Lc  timers.o [1]
xBlockAllocatedBit      0x2000'5cf0     0x4  Data  Lc  heap_4.o [1]
xDelayedTaskList1       0x2000'5c2c    0x14  Data  Lc  tasks.o [1]
xDelayedTaskList2       0x2000'5c40    0x14  Data  Lc  tasks.o [1]
xFreeBytesRemaining     0x2000'5ce0     0x4  Data  Lc  heap_4.o [1]
xHeapStructSize          0x800'7768     0x4  Data  Lc  heap_4.o [1]
xIdleStack              0x2000'55ac   0x200  Data  Lc  freertos.o [1]
xIdleTaskHandle         0x2000'5d58     0x4  Data  Lc  tasks.o [1]
xIdleTaskTCBBuffer      0x2000'59dc    0x54  Data  Lc  freertos.o [1]
xMinimumEverFreeBytesRemaining
                        0x2000'5ce4     0x4  Data  Lc  heap_4.o [1]
xNextTaskUnblockTime    0x2000'5d54     0x4  Data  Lc  tasks.o [1]
xNumOfOverflows         0x2000'5d4c     0x4  Data  Lc  tasks.o [1]
xNumberOfSuccessfulAllocations
                        0x2000'5ce8     0x4  Data  Lc  heap_4.o [1]
xNumberOfSuccessfulFrees
                        0x2000'5cec     0x4  Data  Lc  heap_4.o [1]
xPendedTicks            0x2000'5d44     0x4  Data  Lc  tasks.o [1]
xPendingReadyList       0x2000'5c54    0x14  Data  Lc  tasks.o [1]
xPortStartScheduler      0x800'5dcb    0xce  Code  Gb  port.o [1]
xQueueGenericCreate      0x800'4fab    0x4a  Code  Gb  queue.o [1]
xQueueGenericCreateStatic
                         0x800'4f03    0xa8  Code  Gb  queue.o [1]
xQueueGenericReset       0x800'4e71    0x92  Code  Gb  queue.o [1]
xQueueGenericSend        0x800'5011   0x196  Code  Gb  queue.o [1]
xQueueGenericSendFromISR
                         0x800'51a7    0xe0  Code  Gb  queue.o [1]
xQueueReceive            0x800'5287   0x15a  Code  Gb  queue.o [1]
xQueueReceiveFromISR     0x800'53e5    0xae  Code  Gb  queue.o [1]
xQueueRegistry          0x2000'5bec    0x40  Data  Gb  queue.o [1]
xSchedulerRunning       0x2000'5d40     0x4  Data  Lc  tasks.o [1]
xStart                  0x2000'5cb8     0x8  Data  Lc  heap_4.o [1]
xSuspendedTaskList      0x2000'5c7c    0x14  Data  Lc  tasks.o [1]
xTaskCheckForTimeOut     0x800'45e1    0x82  Code  Gb  tasks.o [1]
xTaskCreate              0x800'3fd9    0x74  Code  Gb  tasks.o [1]
xTaskCreateStatic        0x800'3f55    0x84  Code  Gb  tasks.o [1]
xTaskGetSchedulerState   0x800'4797    0x20  Code  Gb  tasks.o [1]
xTaskGetTickCount        0x800'436f     0x8  Code  Gb  tasks.o [1]
xTaskIncrementTick       0x800'4377    0xf4  Code  Gb  tasks.o [1]
xTaskPriorityDisinherit
                         0x800'47bd    0xae  Code  Gb  tasks.o [1]
xTaskRemoveFromEventList
                         0x800'453d    0x7a  Code  Gb  tasks.o [1]
xTaskResumeAll           0x800'428b    0xe4  Code  Gb  tasks.o [1]
xTasksWaitingTermination
                        0x2000'5c68    0x14  Data  Lc  tasks.o [1]
xTickCount              0x2000'5d38     0x4  Data  Lc  tasks.o [1]
xTimerCreate             0x800'49b7    0x36  Code  Gb  timers.o [1]
xTimerCreateStatic       0x800'49ed    0x4c  Code  Gb  timers.o [1]
xTimerCreateTimerTask    0x800'494d    0x6a  Code  Gb  timers.o [1]
xTimerGenericCommand     0x800'4a8d    0x64  Code  Gb  timers.o [1]
xTimerQueue             0x2000'5d68     0x4  Data  Lc  timers.o [1]
xTimerStack             0x2000'3c90   0x400  Data  Lc  freertos.o [1]
xTimerTaskHandle        0x2000'5d6c     0x4  Data  Lc  timers.o [1]
xTimerTaskTCBBuffer     0x2000'5a30    0x54  Data  Lc  freertos.o [1]
xYieldPending           0x2000'5d48     0x4  Data  Lc  tasks.o [1]


[1] = E:\WorkProject\AQ_STM\STM32F407\tbox_f4\EWARM\tbox_f4\Obj
[2] = dl7M_tlf.a
[3] = m7M_tls.a
[4] = rt7M_tl.a
[5] = shb_l.a

  28 432 bytes of readonly  code memory
   2 608 bytes of readonly  data memory
  32 173 bytes of readwrite data memory

Errors: none
Warnings: none
